10:30:30 [1] 第1次请求 flux 背景…
10:30:34 [1] ✅ 背景完成 21KB
11:03:54 [1] 背景已存在，跳过
11:03:54 [1] ✅ 成品 /vol2/@apphome/trim.openclaw/data/workspace/my-ai-monitor/xianyu_images/图1.jpg (117KB)
11:04:02 [2] 第1次请求 flux 背景…
11:04:07 [2] ✅ 背景完成 26KB
11:04:07 [2] ✅ 成品 /vol2/@apphome/trim.openclaw/data/workspace/my-ai-monitor/xianyu_images/图2.jpg (125KB)
11:04:15 [3] 第1次请求 flux 背景…
11:04:16 [3] ❌ 第1次失败: HTTP Error 402: Payment Required
11:04:31 [3] 第2次请求 flux 背景…
11:04:32 [3] ❌ 第2次失败: HTTP Error 402: Payment Required
11:04:47 [3] 第3次请求 flux 背景…
11:04:48 [3] ❌ 第3次失败: HTTP Error 402: Payment Required
11:05:03 [3] 背景失败，跳过
11:05:03 [4] 第1次请求 flux 背景…
11:05:07 [4] ✅ 背景完成 36KB
11:05:07 [4] ✅ 成品 /vol2/@apphome/trim.openclaw/data/workspace/my-ai-monitor/xianyu_images/图4.jpg (122KB)
11:05:15 [5] 第1次请求 flux 背景…
11:05:16 [5] ❌ 第1次失败: HTTP Error 402: Payment Required
11:05:31 [5] 第2次请求 flux 背景…
11:05:32 [5] ❌ 第2次失败: HTTP Error 402: Payment Required
11:05:47 [5] 第3次请求 flux 背景…
11:05:48 [5] ❌ 第3次失败: HTTP Error 402: Payment Required
11:06:03 [5] 背景失败，跳过
11:06:03 完成 3/5：['/vol2/@apphome/trim.openclaw/data/workspace/my-ai-monitor/xianyu_images/图1.jpg', '/vol2/@apphome/trim.openclaw/data/workspace/my-ai-monitor/xianyu_images/图2.jpg', '/vol2/@apphome/trim.openclaw/data/workspace/my-ai-monitor/xianyu_images/图4.jpg']
